// Jest Snapshot v1, https://goo.gl/fbAQLP

exports[`InputForm should match the snapshot 1`] = `
<div>
  <div
    class="input"
  >
    <form
      action="#"
      autocomplete="off"
      class="input-form"
    >
      <div
        class="mocking-Transition"
      />
      <div
        class="button-container"
      >
        <button
          class="search-button"
        >
          <p>
            InlineIcon mock
          </p>
        </button>
        <p
          class="search-label"
        >
          Search
        </p>
      </div>
    </form>
  </div>
</div>
`;
