// Jest Snapshot v1, https://goo.gl/fbAQLP

exports[`PostsSkeleton should display error when posts fetching fails 1`] = `
<div>
  <div
    class="posts-container"
  >
    <div
      class="posts-list"
    >
      I have failed you master!
    </div>
  </div>
</div>
`;

exports[`PostsSkeleton should display skeleton and match the snapshot when while posts are not fetched yet  1`] = `
<div>
  <div
    class="posts-container"
  >
    <div
      class="posts-list"
    >
      <div>
        <div
          class="css-18kc0t3-SkeletonTheme"
        >
          <div
            class="post-block skeleton-post-block"
          >
            <div
              class="content-image skeleton-content-image"
            >
              <span>
                <span
                  class="react-loading-skeleton css-1eg0sfo-skeletonStyles-Skeleton"
                  style="width: 240px; height: 10rem;"
                >
                  ‌
                </span>
              </span>
            </div>
            <div
              class="post-data skeleton-post-data-mobile"
            >
              <div
                class="post-data-container skeleton-post-data-container-mobile"
              >
                <span>
                  <span
                    class="react-loading-skeleton css-1eg0sfo-skeletonStyles-Skeleton"
                    style="width: 180px; height: 20px;"
                  >
                    ‌
                  </span>
                </span>
                <span>
                  <span
                    class="react-loading-skeleton css-1eg0sfo-skeletonStyles-Skeleton"
                    style="width: 140px; height: 13px;"
                  >
                    ‌
                  </span>
                </span>
              </div>
              <div
                class="subreddit skeleton-subreddit-mobile"
              >
                <span>
                  <span
                    class="react-loading-skeleton subreddit-icon css-1eg0sfo-skeletonStyles-Skeleton"
                  >
                    ‌
                  </span>
                </span>
                <span>
                  <span
                    class="react-loading-skeleton css-1eg0sfo-skeletonStyles-Skeleton"
                    style="width: 80px; height: 13px;"
                  >
                    ‌
                  </span>
                </span>
              </div>
            </div>
          </div>
        </div>
      </div>
      <div>
        <div
          class="css-18kc0t3-SkeletonTheme"
        >
          <div
            class="post-block skeleton-post-block"
          >
            <div
              class="content-image skeleton-content-image"
            >
              <span>
                <span
                  class="react-loading-skeleton css-1eg0sfo-skeletonStyles-Skeleton"
                  style="width: 240px; height: 10rem;"
                >
                  ‌
                </span>
              </span>
            </div>
            <div
              class="post-data skeleton-post-data-mobile"
            >
              <div
                class="post-data-container skeleton-post-data-container-mobile"
              >
                <span>
                  <span
                    class="react-loading-skeleton css-1eg0sfo-skeletonStyles-Skeleton"
                    style="width: 180px; height: 20px;"
                  >
                    ‌
                  </span>
                </span>
                <span>
                  <span
                    class="react-loading-skeleton css-1eg0sfo-skeletonStyles-Skeleton"
                    style="width: 140px; height: 13px;"
                  >
                    ‌
                  </span>
                </span>
              </div>
              <div
                class="subreddit skeleton-subreddit-mobile"
              >
                <span>
                  <span
                    class="react-loading-skeleton subreddit-icon css-1eg0sfo-skeletonStyles-Skeleton"
                  >
                    ‌
                  </span>
                </span>
                <span>
                  <span
                    class="react-loading-skeleton css-1eg0sfo-skeletonStyles-Skeleton"
                    style="width: 80px; height: 13px;"
                  >
                    ‌
                  </span>
                </span>
              </div>
            </div>
          </div>
        </div>
      </div>
      <div>
        <div
          class="css-18kc0t3-SkeletonTheme"
        >
          <div
            class="post-block skeleton-post-block"
          >
            <div
              class="content-image skeleton-content-image"
            >
              <span>
                <span
                  class="react-loading-skeleton css-1eg0sfo-skeletonStyles-Skeleton"
                  style="width: 240px; height: 10rem;"
                >
                  ‌
                </span>
              </span>
            </div>
            <div
              class="post-data skeleton-post-data-mobile"
            >
              <div
                class="post-data-container skeleton-post-data-container-mobile"
              >
                <span>
                  <span
                    class="react-loading-skeleton css-1eg0sfo-skeletonStyles-Skeleton"
                    style="width: 180px; height: 20px;"
                  >
                    ‌
                  </span>
                </span>
                <span>
                  <span
                    class="react-loading-skeleton css-1eg0sfo-skeletonStyles-Skeleton"
                    style="width: 140px; height: 13px;"
                  >
                    ‌
                  </span>
                </span>
              </div>
              <div
                class="subreddit skeleton-subreddit-mobile"
              >
                <span>
                  <span
                    class="react-loading-skeleton subreddit-icon css-1eg0sfo-skeletonStyles-Skeleton"
                  >
                    ‌
                  </span>
                </span>
                <span>
                  <span
                    class="react-loading-skeleton css-1eg0sfo-skeletonStyles-Skeleton"
                    style="width: 80px; height: 13px;"
                  >
                    ‌
                  </span>
                </span>
              </div>
            </div>
          </div>
        </div>
      </div>
    </div>
  </div>
</div>
`;

exports[`PostsSkeleton should display skeleton and match the snapshot when while posts fetching is not completed yet  1`] = `
<div>
  <div
    class="posts-container"
  >
    <div
      class="posts-list"
    >
      <div>
        <div
          class="css-18kc0t3-SkeletonTheme"
        >
          <div
            class="post-block skeleton-post-block"
          >
            <div
              class="content-image skeleton-content-image"
            >
              <span>
                <span
                  class="react-loading-skeleton css-1eg0sfo-skeletonStyles-Skeleton"
                  style="width: 240px; height: 10rem;"
                >
                  ‌
                </span>
              </span>
            </div>
            <div
              class="post-data skeleton-post-data-mobile"
            >
              <div
                class="post-data-container skeleton-post-data-container-mobile"
              >
                <span>
                  <span
                    class="react-loading-skeleton css-1eg0sfo-skeletonStyles-Skeleton"
                    style="width: 180px; height: 20px;"
                  >
                    ‌
                  </span>
                </span>
                <span>
                  <span
                    class="react-loading-skeleton css-1eg0sfo-skeletonStyles-Skeleton"
                    style="width: 140px; height: 13px;"
                  >
                    ‌
                  </span>
                </span>
              </div>
              <div
                class="subreddit skeleton-subreddit-mobile"
              >
                <span>
                  <span
                    class="react-loading-skeleton subreddit-icon css-1eg0sfo-skeletonStyles-Skeleton"
                  >
                    ‌
                  </span>
                </span>
                <span>
                  <span
                    class="react-loading-skeleton css-1eg0sfo-skeletonStyles-Skeleton"
                    style="width: 80px; height: 13px;"
                  >
                    ‌
                  </span>
                </span>
              </div>
            </div>
          </div>
        </div>
      </div>
      <div>
        <div
          class="css-18kc0t3-SkeletonTheme"
        >
          <div
            class="post-block skeleton-post-block"
          >
            <div
              class="content-image skeleton-content-image"
            >
              <span>
                <span
                  class="react-loading-skeleton css-1eg0sfo-skeletonStyles-Skeleton"
                  style="width: 240px; height: 10rem;"
                >
                  ‌
                </span>
              </span>
            </div>
            <div
              class="post-data skeleton-post-data-mobile"
            >
              <div
                class="post-data-container skeleton-post-data-container-mobile"
              >
                <span>
                  <span
                    class="react-loading-skeleton css-1eg0sfo-skeletonStyles-Skeleton"
                    style="width: 180px; height: 20px;"
                  >
                    ‌
                  </span>
                </span>
                <span>
                  <span
                    class="react-loading-skeleton css-1eg0sfo-skeletonStyles-Skeleton"
                    style="width: 140px; height: 13px;"
                  >
                    ‌
                  </span>
                </span>
              </div>
              <div
                class="subreddit skeleton-subreddit-mobile"
              >
                <span>
                  <span
                    class="react-loading-skeleton subreddit-icon css-1eg0sfo-skeletonStyles-Skeleton"
                  >
                    ‌
                  </span>
                </span>
                <span>
                  <span
                    class="react-loading-skeleton css-1eg0sfo-skeletonStyles-Skeleton"
                    style="width: 80px; height: 13px;"
                  >
                    ‌
                  </span>
                </span>
              </div>
            </div>
          </div>
        </div>
      </div>
      <div>
        <div
          class="css-18kc0t3-SkeletonTheme"
        >
          <div
            class="post-block skeleton-post-block"
          >
            <div
              class="content-image skeleton-content-image"
            >
              <span>
                <span
                  class="react-loading-skeleton css-1eg0sfo-skeletonStyles-Skeleton"
                  style="width: 240px; height: 10rem;"
                >
                  ‌
                </span>
              </span>
            </div>
            <div
              class="post-data skeleton-post-data-mobile"
            >
              <div
                class="post-data-container skeleton-post-data-container-mobile"
              >
                <span>
                  <span
                    class="react-loading-skeleton css-1eg0sfo-skeletonStyles-Skeleton"
                    style="width: 180px; height: 20px;"
                  >
                    ‌
                  </span>
                </span>
                <span>
                  <span
                    class="react-loading-skeleton css-1eg0sfo-skeletonStyles-Skeleton"
                    style="width: 140px; height: 13px;"
                  >
                    ‌
                  </span>
                </span>
              </div>
              <div
                class="subreddit skeleton-subreddit-mobile"
              >
                <span>
                  <span
                    class="react-loading-skeleton subreddit-icon css-1eg0sfo-skeletonStyles-Skeleton"
                  >
                    ‌
                  </span>
                </span>
                <span>
                  <span
                    class="react-loading-skeleton css-1eg0sfo-skeletonStyles-Skeleton"
                    style="width: 80px; height: 13px;"
                  >
                    ‌
                  </span>
                </span>
              </div>
            </div>
          </div>
        </div>
      </div>
    </div>
  </div>
</div>
`;
