// Jest Snapshot v1, https://goo.gl/fbAQLP

exports[`NavBar should match snapshot 1`] = `
<DocumentFragment>
  <section
    class="sc-bdvvaa lchavo"
  >
    <div
      class="sc-gsDJrp gfkuTp"
    >
      <div
        class="sc-dkPtyc bsZSCH"
      >
        <p
          class="sc-hKwCoD"
        >
          “Art is like a dance of the Heart,
        </p>
        <p
          class="sc-eCImvq"
        >
           when the Soul is free…”
        </p>
      </div>
    </div>
  </section>
</DocumentFragment>
`;
