// Jest Snapshot v1, https://goo.gl/fbAQLP

exports[`Product should match snaptshot 1`] = `
<DocumentFragment>
  <li
    class="sc-gKckTs jFUhbv"
  >
    <a
      class="sc-eCImvq sc-iCfLBT gECYPg bNwGWt"
      href="/product/1"
    >
      <div>
        <div
          class="sc-bdvvaa cYloRB"
        >
          <img
            alt="itemOne"
            class="sc-gsDJrp dlZrhb"
            loading="lazy"
            src="src1"
          />
          <img
            alt="itemOne"
            class="sc-gsDJrp dmjAPj"
            loading="lazy"
            src="src2"
          />
          <img
            alt="itemOne"
            class="sc-gsDJrp fGGvVI"
            loading="lazy"
            src="src3"
          />
        </div>
        <div
          class="sc-dkPtyc goXLUj"
        >
          <div
            class="sc-hKwCoD kLaVan"
          />
        </div>
      </div>
      <h4
        class="sc-furvIG boMFUg"
      >
        itemOne
      </h4>
      <h6
        class="sc-pVTma bEbIhi"
      >
        $45
      </h6>
    </a>
  </li>
</DocumentFragment>
`;
